[shreyu.coderthemes.com/layouts-dark-sidebar.html]
[backblue.gif]
[fade.gif]
[index.html]
[shreyu.coderthemes.com/assets/images/favicon.ico]
[shreyu.coderthemes.com/assets/libs/flatpickr/flatpickr.min.css]
[shreyu.coderthemes.com/assets/css/bootstrap.min.css]
[shreyu.coderthemes.com/assets/css/icons.min.css]
[shreyu.coderthemes.com/assets/css/app.min.css]
[shreyu.coderthemes.com/index.html]
[shreyu.coderthemes.com/assets/images/logo.png]
[shreyu.coderthemes.com/assets/images/flags/germany.jpg]
[shreyu.coderthemes.com/assets/images/flags/italy.jpg]
[shreyu.coderthemes.com/assets/images/flags/spain.jpg]
[shreyu.coderthemes.com/assets/images/flags/russia.jpg]
[shreyu.coderthemes.com/assets/images/users/avatar-1.jpg]
[shreyu.coderthemes.com/assets/images/users/avatar-2.jpg]
[shreyu.coderthemes.com/assets/images/users/avatar-7.jpg]
[shreyu.coderthemes.com/pages-profile.html]
[shreyu.coderthemes.com/apps-calendar.html]
[shreyu.coderthemes.com/email-inbox.html]
[shreyu.coderthemes.com/email-read.html]
[shreyu.coderthemes.com/email-compose.html]
[shreyu.coderthemes.com/project-list.html]
[shreyu.coderthemes.com/project-detail.html]
[shreyu.coderthemes.com/task-list.html]
[shreyu.coderthemes.com/task-board.html]
[shreyu.coderthemes.com/pages-starter.html]
[shreyu.coderthemes.com/pages-activity.html]
[shreyu.coderthemes.com/pages-invoice.html]
[shreyu.coderthemes.com/pages-pricing.html]
[shreyu.coderthemes.com/pages-maintenance.html]
[shreyu.coderthemes.com/pages-login.html]
[shreyu.coderthemes.com/pages-register.html]
[shreyu.coderthemes.com/pages-recoverpw.html]
[shreyu.coderthemes.com/pages-confirm-mail.html]
[shreyu.coderthemes.com/pages-404.html]
[shreyu.coderthemes.com/pages-500.html]
[shreyu.coderthemes.com/layouts-horizontal.html]
[shreyu.coderthemes.com/layouts-rtl.html]
[shreyu.coderthemes.com/layouts-dark.html]
[shreyu.coderthemes.com/layouts-scrollable.html]
[shreyu.coderthemes.com/layouts-boxed.html]
[shreyu.coderthemes.com/layouts-preloader.html]
[shreyu.coderthemes.com/layouts-condensed.html]
[shreyu.coderthemes.com/components-bootstrap.html]
[shreyu.coderthemes.com/icons-feather.html]
[shreyu.coderthemes.com/icons-unicons.html]
[shreyu.coderthemes.com/widgets.html]
[shreyu.coderthemes.com/forms-basic.html]
[shreyu.coderthemes.com/forms-advanced.html]
[shreyu.coderthemes.com/forms-validation.html]
[shreyu.coderthemes.com/forms-wizard.html]
[shreyu.coderthemes.com/forms-editor.html]
[shreyu.coderthemes.com/forms-file-uploads.html]
[shreyu.coderthemes.com/charts-apex.html]
[shreyu.coderthemes.com/tables-basic.html]
[shreyu.coderthemes.com/tables-datatables.html]
[shreyu.coderthemes.com/assets/images/users/avatar-9.jpg]
[shreyu.coderthemes.com/assets/images/users/avatar-4.jpg]
[shreyu.coderthemes.com/assets/images/users/avatar-5.jpg]
[shreyu.coderthemes.com/assets/images/layouts/vertical.jpg]
[shreyu.coderthemes.com/assets/images/layouts/horizontal.jpg]
[shreyu.coderthemes.com/assets/images/layouts/vertical-dark-sidebar.jpg]
[shreyu.coderthemes.com/assets/images/layouts/vertical-condensed.jpg]
[shreyu.coderthemes.com/assets/images/layouts/boxed.jpg]
[shreyu.coderthemes.com/assets/js/vendor.min.js]
[shreyu.coderthemes.com/assets/libs/moment/moment.min.js]
[shreyu.coderthemes.com/assets/libs/apexcharts/apexcharts.min.js]
[shreyu.coderthemes.com/assets/libs/flatpickr/flatpickr.min.js]
[shreyu.coderthemes.com/assets/js/pages/dashboard.init.js]
[shreyu.coderthemes.com/layouts-dark-sidebar.html]
[shreyu.coderthemes.com/assets/libs/flatpickr/flatpickr.min.css]
[shreyu.coderthemes.com/assets/css/bootstrap.min.css]
[shreyu.coderthemes.com/assets/js/app.min.js]
[shreyu.coderthemes.com/assets/fonts/unicons7374.eot]
[shreyu.coderthemes.com/assets/fonts/unicons7374.woff2]
[shreyu.coderthemes.com/assets/fonts/unicons7374.woff]
[shreyu.coderthemes.com/assets/fonts/unicons7374.ttf]
[shreyu.coderthemes.com/assets/css/icons.min.css]
[shreyu.coderthemes.com/assets/fonts/unicons7374.svg]
[shreyu.coderthemes.com/assets/css/app.min.css]
[shreyu.coderthemes.com/index.html]
[shreyu.coderthemes.com/assets/images/auth-bg.jpg]
[shreyu.coderthemes.com/assets/images/users/avatar-3.jpg]
[shreyu.coderthemes.com/assets/images/users/avatar-6.jpg]
[shreyu.coderthemes.com/assets/images/users/avatar-10.jpg]
[shreyu.coderthemes.com/assets/images/projects/project-1.jpg]
[shreyu.coderthemes.com/assets/images/projects/project-2.jpg]
[shreyu.coderthemes.com/pages-profile.html]
[shreyu.coderthemes.com/pages-lock-screen.html]
[shreyu.coderthemes.com/assets/libs/fullcalendar-core/main.min.css]
[shreyu.coderthemes.com/assets/libs/fullcalendar-daygrid/main.min.css]
[shreyu.coderthemes.com/assets/libs/fullcalendar-bootstrap/main.min.css]
[shreyu.coderthemes.com/assets/libs/fullcalendar-timegrid/main.min.css]
[shreyu.coderthemes.com/assets/libs/fullcalendar-list/main.min.css]
[shreyu.coderthemes.com/assets/images/cal.png]
[shreyu.coderthemes.com/assets/libs/fullcalendar-core/main.min.js]
[shreyu.coderthemes.com/assets/libs/fullcalendar-bootstrap/main.min.js]
[shreyu.coderthemes.com/assets/libs/fullcalendar-daygrid/main.min.js]
[shreyu.coderthemes.com/assets/libs/fullcalendar-timegrid/main.min.js]
[shreyu.coderthemes.com/assets/libs/fullcalendar-list/main.min.js]
[shreyu.coderthemes.com/assets/libs/fullcalendar-interaction/main.min.js]
[shreyu.coderthemes.com/apps-calendar.html]
[shreyu.coderthemes.com/assets/js/pages/calendar.init.js]
[shreyu.coderthemes.com/email-inbox.html]
[shreyu.coderthemes.com/assets/js/pages/email-inbox.init.js]
[shreyu.coderthemes.com/assets/libs/summernote/summernote-bs4.css]
[shreyu.coderthemes.com/assets/images/attached-files/img-1.jpg]
[shreyu.coderthemes.com/assets/images/attached-files/img-2.jpg]
[shreyu.coderthemes.com/assets/images/attached-files/img-3.jpg]
[shreyu.coderthemes.com/email-read.html]
[shreyu.coderthemes.com/email-compose.html]
[shreyu.coderthemes.com/project-list.html]
[shreyu.coderthemes.com/assets/libs/summernote/summernote-bs4.min.js]
[shreyu.coderthemes.com/assets/images/small/img-2.jpg]
[shreyu.coderthemes.com/assets/images/small/img-3.jpg]
[shreyu.coderthemes.com/assets/images/small/img-4.jpg]
[shreyu.coderthemes.com/assets/images/small/img-7.jpg]
[shreyu.coderthemes.com/project-detail.html]
[shreyu.coderthemes.com/task-list.html]
[shreyu.coderthemes.com/assets/images/small/img-6.jpg]
[shreyu.coderthemes.com/assets/libs/sortablejs/Sortable.min.js]
[shreyu.coderthemes.com/task-board.html]
[shreyu.coderthemes.com/pages-starter.html]
[shreyu.coderthemes.com/assets/js/pages/kanban.init.js]
[shreyu.coderthemes.com/assets/images/small/img-1.jpg]
[shreyu.coderthemes.com/pages-activity.html]
[shreyu.coderthemes.com/pages-invoice.html]
[shreyu.coderthemes.com/pages-pricing.html]
[shreyu.coderthemes.com/pages-maintenance.html]
[shreyu.coderthemes.com/pages-login.html]
[shreyu.coderthemes.com/pages-register.html]
[shreyu.coderthemes.com/pages-recoverpw.html]
[shreyu.coderthemes.com/pages-confirm-mail.html]
[shreyu.coderthemes.com/assets/images/maintenance.svg]
[shreyu.coderthemes.com/assets/images/not-found.png]
[shreyu.coderthemes.com/pages-404.html]
[shreyu.coderthemes.com/pages-500.html]
[shreyu.coderthemes.com/layouts-horizontal.html]
[shreyu.coderthemes.com/assets/images/server-down.png]
[shreyu.coderthemes.com/layouts-rtl.html]
[shreyu.coderthemes.com/assets/css/app-rtl.min.css]
[shreyu.coderthemes.com/assets/css/bootstrap-dark.min.css]
[shreyu.coderthemes.com/layouts-dark.html]
[shreyu.coderthemes.com/layouts-scrollable.html]
[shreyu.coderthemes.com/layouts-boxed.html]
[shreyu.coderthemes.com/layouts-preloader.html]
[shreyu.coderthemes.com/layouts-condensed.html]
[shreyu.coderthemes.com/assets/css/app-dark.min.css]
[shreyu.coderthemes.com/components-bootstrap.html]
[shreyu.coderthemes.com/icons-feather.html]
[shreyu.coderthemes.com/icons-unicons.html]
[shreyu.coderthemes.com/assets/images/logo.svg]
[shreyu.coderthemes.com/assets/images/covers/2.jpg]
[shreyu.coderthemes.com/assets/images/small/img-5.jpg]
[shreyu.coderthemes.com/widgets.html]
[shreyu.coderthemes.com/forms-basic.html]
[shreyu.coderthemes.com/assets/js/pages/widgets.init.js]
[shreyu.coderthemes.com/index-2.html]
[shreyu.coderthemes.com/assets/libs/bootstrap-tagsinput/bootstrap-tagsinput.css]
[shreyu.coderthemes.com/assets/libs/select2/select2.min.css]
[shreyu.coderthemes.com/assets/libs/multiselect/multi-select.css]
[shreyu.coderthemes.com/assets/libs/bootstrap-colorpicker/bootstrap-colorpicker.min.css]
[shreyu.coderthemes.com/assets/libs/bootstrap-touchspin/jquery.bootstrap-touchspin.css]
[shreyu.coderthemes.com/assets/libs/bootstrap-tagsinput/bootstrap-tagsinput.min.js]
[shreyu.coderthemes.com/assets/libs/select2/select2.min.js]
[shreyu.coderthemes.com/assets/libs/multiselect/jquery.multi-select.js]
[shreyu.coderthemes.com/assets/libs/bootstrap-colorpicker/bootstrap-colorpicker.min.js]
[shreyu.coderthemes.com/assets/libs/bootstrap-touchspin/jquery.bootstrap-touchspin.min.js]
[shreyu.coderthemes.com/forms-advanced.html]
[shreyu.coderthemes.com/assets/js/pages/form-advanced.init.js]
[shreyu.coderthemes.com/assets/libs/parsleyjs/parsley.min.js]
[shreyu.coderthemes.com/forms-validation.html]
[shreyu.coderthemes.com/assets/libs/smartwizard/smart_wizard.min.css]
[shreyu.coderthemes.com/assets/libs/smartwizard/smart_wizard_theme_arrows.min.css]
[shreyu.coderthemes.com/assets/libs/smartwizard/smart_wizard_theme_circles.min.css]
[shreyu.coderthemes.com/assets/libs/smartwizard/smart_wizard_theme_dots.min.css]
[shreyu.coderthemes.com/assets/libs/smartwizard/jquery.smartWizard.min.js]
[shreyu.coderthemes.com/forms-wizard.html]
[shreyu.coderthemes.com/assets/js/pages/form-wizard.init.js]
[shreyu.coderthemes.com/forms-editor.html]
[shreyu.coderthemes.com/assets/libs/dropzone/dropzone.min.css]
[shreyu.coderthemes.com/forms-file-uploads.html]
[shreyu.coderthemes.com/assets/libs/dropzone/dropzone.min.js]
[shreyu.coderthemes.com/charts-apex.html]
[shreyu.coderthemes.com/tables-basic.html]
[shreyu.coderthemes.com/assets/js/pages/apexcharts.init.js]
[shreyu.coderthemes.com/assets/libs/datatables/dataTables.bootstrap4.min.css]
[shreyu.coderthemes.com/assets/libs/datatables/responsive.bootstrap4.min.css]
[shreyu.coderthemes.com/assets/libs/datatables/buttons.bootstrap4.min.css]
[shreyu.coderthemes.com/assets/libs/datatables/select.bootstrap4.min.css]
[shreyu.coderthemes.com/assets/libs/datatables/jquery.dataTables.min.js]
[shreyu.coderthemes.com/assets/libs/datatables/dataTables.bootstrap4.min.js]
[shreyu.coderthemes.com/assets/libs/datatables/dataTables.responsive.min.js]
[shreyu.coderthemes.com/assets/libs/datatables/responsive.bootstrap4.min.js]
[shreyu.coderthemes.com/assets/libs/datatables/dataTables.buttons.min.js]
[shreyu.coderthemes.com/assets/libs/datatables/buttons.bootstrap4.min.js]
[shreyu.coderthemes.com/assets/libs/datatables/buttons.html5.min.js]
[shreyu.coderthemes.com/assets/libs/datatables/buttons.flash.min.js]
[shreyu.coderthemes.com/assets/libs/datatables/buttons.print.min.js]
[shreyu.coderthemes.com/assets/libs/datatables/dataTables.keyTable.min.js]
[shreyu.coderthemes.com/assets/libs/datatables/dataTables.select.min.js]
[shreyu.coderthemes.com/tables-datatables.html]
[shreyu.coderthemes.com/assets/js/pages/datatables.init.js]
[shreyu.coderthemes.com/assets/js/vendor.min.js]
[shreyu.coderthemes.com/assets/libs/moment/moment.min.js]
[shreyu.coderthemes.com/assets/libs/apexcharts/apexcharts.min.js]
[shreyu.coderthemes.com/assets/libs/flatpickr/flatpickr.min.js]
[shreyu.coderthemes.com/assets/js/pages/dashboard.init.js]
[shreyu.coderthemes.com/assets/js/app.min.js]
[shreyu.coderthemes.com/assets/fonts/unicons7374.svg]
[shreyu.coderthemes.com/assets/libs/fullcalendar-core/main.min.css]
[shreyu.coderthemes.com/assets/libs/fullcalendar-daygrid/main.min.css]
[shreyu.coderthemes.com/assets/libs/fullcalendar-bootstrap/main.min.css]
[shreyu.coderthemes.com/assets/libs/fullcalendar-timegrid/main.min.css]
[shreyu.coderthemes.com/assets/libs/fullcalendar-list/main.min.css]
[shreyu.coderthemes.com/assets/libs/fullcalendar-core/main.min.js]
[shreyu.coderthemes.com/assets/libs/fullcalendar-bootstrap/main.min.js]
[shreyu.coderthemes.com/assets/libs/fullcalendar-daygrid/main.min.js]
[shreyu.coderthemes.com/assets/libs/fullcalendar-timegrid/main.min.js]
[shreyu.coderthemes.com/assets/libs/fullcalendar-list/main.min.js]
[shreyu.coderthemes.com/assets/libs/fullcalendar-interaction/main.min.js]
[shreyu.coderthemes.com/assets/js/pages/calendar.init.js]
[shreyu.coderthemes.com/assets/js/pages/email-inbox.init.js]
[shreyu.coderthemes.com/assets/libs/summernote/font/summernote64fe.html]
[shreyu.coderthemes.com/assets/libs/summernote/font/summernote64fe-2.html]
[shreyu.coderthemes.com/assets/libs/summernote/summernote-bs4.css]
[shreyu.coderthemes.com/assets/libs/summernote/summernote-bs4.min.js]
[shreyu.coderthemes.com/assets/libs/sortablejs/Sortable.min.js]
[shreyu.coderthemes.com/assets/js/pages/kanban.init.js]
[shreyu.coderthemes.com/assets/images/maintenance.svg]
[shreyu.coderthemes.com/assets/css/app-rtl.min.css]
[shreyu.coderthemes.com/assets/css/bootstrap-dark.min.css]
[shreyu.coderthemes.com/assets/css/app-dark.min.css]
[shreyu.coderthemes.com/assets/images/logo.svg]
[shreyu.coderthemes.com/index-2.html]
[shreyu.coderthemes.com/assets/js/pages/widgets.init.js]
[shreyu.coderthemes.com/assets/libs/bootstrap-tagsinput/bootstrap-tagsinput.css]
[shreyu.coderthemes.com/assets/libs/select2/select2.min.css]
[shreyu.coderthemes.com/assets/libs/summernote/font/summernote64fe-3.html]
[shreyu.coderthemes.com/assets/libs/multiselect/multi-select.css]
[shreyu.coderthemes.com/assets/libs/bootstrap-colorpicker/bootstrap-colorpicker.min.css]
[shreyu.coderthemes.com/assets/libs/bootstrap-touchspin/jquery.bootstrap-touchspin.css]
[shreyu.coderthemes.com/assets/libs/bootstrap-tagsinput/bootstrap-tagsinput.min.js]
[shreyu.coderthemes.com/assets/libs/select2/select2.min.js]
[shreyu.coderthemes.com/assets/libs/multiselect/jquery.multi-select.js]
[shreyu.coderthemes.com/assets/libs/bootstrap-colorpicker/bootstrap-colorpicker.min.js]
[shreyu.coderthemes.com/assets/libs/bootstrap-touchspin/jquery.bootstrap-touchspin.min.js]
[shreyu.coderthemes.com/assets/js/pages/form-advanced.init.js]
[shreyu.coderthemes.com/assets/libs/parsleyjs/parsley.min.js]
[shreyu.coderthemes.com/assets/js/pages/form-validation.init.js]
[shreyu.coderthemes.com/assets/libs/smartwizard/smart_wizard.min.css]
[shreyu.coderthemes.com/assets/libs/smartwizard/smart_wizard_theme_arrows.min.css]
[shreyu.coderthemes.com/assets/libs/smartwizard/smart_wizard_theme_circles.min.css]
[shreyu.coderthemes.com/assets/libs/smartwizard/smart_wizard_theme_dots.min.css]
[shreyu.coderthemes.com/assets/libs/smartwizard/jquery.smartWizard.min.js]
[shreyu.coderthemes.com/assets/js/pages/form-wizard.init.js]
[shreyu.coderthemes.com/assets/js/pages/form-editor.init.js]
[shreyu.coderthemes.com/assets/libs/dropzone/dropzone.min.css]
[shreyu.coderthemes.com/assets/libs/dropzone/dropzone.min.js]
[shreyu.coderthemes.com/assets/js/pages/apexcharts.init.js]
[shreyu.coderthemes.com/assets/libs/datatables/dataTables.bootstrap4.min.css]
[shreyu.coderthemes.com/assets/libs/datatables/responsive.bootstrap4.min.css]
[shreyu.coderthemes.com/assets/libs/datatables/buttons.bootstrap4.min.css]
[shreyu.coderthemes.com/assets/libs/datatables/select.bootstrap4.min.css]
[shreyu.coderthemes.com/assets/libs/datatables/jquery.dataTables.min.js]
[shreyu.coderthemes.com/assets/libs/datatables/dataTables.bootstrap4.min.js]
[shreyu.coderthemes.com/assets/libs/datatables/dataTables.responsive.min.js]
[shreyu.coderthemes.com/assets/libs/datatables/responsive.bootstrap4.min.js]
[shreyu.coderthemes.com/assets/libs/datatables/dataTables.buttons.min.js]
[shreyu.coderthemes.com/assets/libs/datatables/buttons.bootstrap4.min.js]
[shreyu.coderthemes.com/xl/worksheets/sheet1.html]
[shreyu.coderthemes.com/xl/workbook.html]
[shreyu.coderthemes.com/xl/styles.html]
[shreyu.coderthemes.com/[Content_Types].html]
[shreyu.coderthemes.com/assets/libs/datatables/buttons.html5.min.js]
[shreyu.coderthemes.com/assets/libs/datatables/buttons.flash.min.js]
[shreyu.coderthemes.com/assets/libs/datatables/buttons.print.min.js]
[shreyu.coderthemes.com/assets/libs/datatables/dataTables.keyTable.min.js]
[shreyu.coderthemes.com/assets/libs/datatables/dataTables.select.min.js]
[shreyu.coderthemes.com/assets/js/pages/datatables.init.js]
[shreyu.coderthemes.com/node.html]
[shreyu.coderthemes.com/buttons.html]
[shreyu.coderthemes.com/assets/libs/summernote/font/summernote64fe.html]
[shreyu.coderthemes.com/assets/libs/summernote/font/summernote64fe-2.html]
[shreyu.coderthemes.com/assets/libs/summernote/font/summernote64fe-3.html]
[shreyu.coderthemes.com/assets/libs/img/switch.html]
[shreyu.coderthemes.com/xl/worksheets/sheet1.html]
[shreyu.coderthemes.com/xl/workbook.html]
[shreyu.coderthemes.com/xl/styles.html]
[shreyu.coderthemes.com/[Content_Types].html]
[shreyu.coderthemes.com/buttons.html]
[shreyu.coderthemes.com/assets/libs/summernote/font/assets/images/favicon.html]
[shreyu.coderthemes.com/assets/libs/summernote/font/assets/libs/flatpickr/flatpickr.min.html]
[shreyu.coderthemes.com/assets/libs/summernote/font/assets/css/bootstrap.min.html]
[shreyu.coderthemes.com/assets/libs/summernote/font/assets/css/icons.min.html]
[shreyu.coderthemes.com/assets/libs/summernote/font/assets/css/app.min.html]
[shreyu.coderthemes.com/assets/libs/summernote/font/index.html]
[shreyu.coderthemes.com/assets/libs/summernote/font/assets/images/logo.html]
[shreyu.coderthemes.com/assets/libs/summernote/font/assets/images/flags/germany.html]
[shreyu.coderthemes.com/assets/libs/summernote/font/assets/images/flags/italy.html]
[shreyu.coderthemes.com/assets/libs/summernote/font/assets/images/flags/spain.html]
[shreyu.coderthemes.com/assets/libs/summernote/font/assets/images/flags/russia.html]
[shreyu.coderthemes.com/assets/libs/summernote/font/assets/images/users/avatar-1.html]
[shreyu.coderthemes.com/assets/libs/summernote/font/assets/images/users/avatar-2.html]
[shreyu.coderthemes.com/assets/libs/summernote/font/assets/images/users/avatar-7.html]
[shreyu.coderthemes.com/assets/libs/summernote/font/pages-profile.html]
[shreyu.coderthemes.com/assets/libs/summernote/font/pages-lock-screen.html]
[shreyu.coderthemes.com/assets/libs/summernote/font/apps-calendar.html]
[shreyu.coderthemes.com/assets/libs/summernote/font/email-inbox.html]
[shreyu.coderthemes.com/assets/libs/summernote/font/email-read.html]
[shreyu.coderthemes.com/assets/libs/summernote/font/email-compose.html]
[shreyu.coderthemes.com/assets/libs/summernote/font/project-list.html]
[shreyu.coderthemes.com/assets/libs/summernote/font/project-detail.html]
[shreyu.coderthemes.com/assets/libs/summernote/font/task-list.html]
[shreyu.coderthemes.com/assets/libs/summernote/font/task-board.html]
[shreyu.coderthemes.com/assets/libs/summernote/font/pages-starter.html]
[shreyu.coderthemes.com/assets/libs/summernote/font/pages-activity.html]
[shreyu.coderthemes.com/assets/libs/summernote/font/pages-invoice.html]
[shreyu.coderthemes.com/assets/libs/summernote/font/pages-pricing.html]
[shreyu.coderthemes.com/assets/libs/summernote/font/pages-maintenance.html]
[shreyu.coderthemes.com/assets/libs/summernote/font/pages-login.html]
[shreyu.coderthemes.com/assets/libs/summernote/font/pages-register.html]
[shreyu.coderthemes.com/assets/libs/summernote/font/pages-recoverpw.html]
[shreyu.coderthemes.com/assets/libs/summernote/font/pages-confirm-mail.html]
[shreyu.coderthemes.com/assets/libs/summernote/font/pages-404.html]
[shreyu.coderthemes.com/assets/libs/summernote/font/pages-500.html]
[shreyu.coderthemes.com/assets/libs/summernote/font/layouts-horizontal.html]
[shreyu.coderthemes.com/assets/libs/summernote/font/layouts-rtl.html]
[shreyu.coderthemes.com/assets/libs/summernote/font/layouts-dark.html]
[shreyu.coderthemes.com/assets/libs/summernote/font/layouts-scrollable.html]
[shreyu.coderthemes.com/assets/libs/summernote/font/layouts-boxed.html]
[shreyu.coderthemes.com/assets/libs/summernote/font/layouts-preloader.html]
[shreyu.coderthemes.com/assets/libs/summernote/font/layouts-dark-sidebar.html]
[shreyu.coderthemes.com/assets/libs/summernote/font/layouts-condensed.html]
[shreyu.coderthemes.com/assets/libs/summernote/font/components-bootstrap.html]
[shreyu.coderthemes.com/assets/libs/summernote/font/icons-feather.html]
[shreyu.coderthemes.com/assets/libs/summernote/font/icons-unicons.html]
[shreyu.coderthemes.com/assets/libs/summernote/font/widgets.html]
[shreyu.coderthemes.com/assets/libs/summernote/font/forms-basic.html]
[shreyu.coderthemes.com/assets/libs/summernote/font/forms-advanced.html]
[shreyu.coderthemes.com/assets/libs/summernote/font/forms-validation.html]
[shreyu.coderthemes.com/assets/libs/summernote/font/forms-wizard.html]
[shreyu.coderthemes.com/assets/libs/summernote/font/forms-editor.html]
[shreyu.coderthemes.com/assets/libs/summernote/font/forms-file-uploads.html]
[shreyu.coderthemes.com/assets/libs/summernote/font/charts-apex.html]
[shreyu.coderthemes.com/assets/libs/summernote/font/tables-basic.html]
[shreyu.coderthemes.com/assets/libs/summernote/font/tables-datatables.html]
[shreyu.coderthemes.com/assets/libs/summernote/font/assets/images/users/avatar-9.html]
[shreyu.coderthemes.com/assets/libs/summernote/font/assets/images/users/avatar-4.html]
[shreyu.coderthemes.com/assets/libs/summernote/font/assets/images/users/avatar-5.html]
[shreyu.coderthemes.com/assets/libs/summernote/font/assets/images/layouts/vertical.html]
[shreyu.coderthemes.com/assets/libs/summernote/font/assets/images/layouts/horizontal.html]
[shreyu.coderthemes.com/assets/libs/summernote/font/assets/images/layouts/vertical-dark-sidebar.html]
[shreyu.coderthemes.com/assets/libs/summernote/font/assets/images/layouts/vertical-condensed.html]
[shreyu.coderthemes.com/assets/libs/summernote/font/assets/images/layouts/boxed.html]
[shreyu.coderthemes.com/assets/libs/summernote/font/assets/js/vendor.min.html]
[shreyu.coderthemes.com/assets/libs/summernote/font/assets/libs/moment/moment.min.html]
[shreyu.coderthemes.com/assets/libs/summernote/font/assets/libs/apexcharts/apexcharts.min.html]
[shreyu.coderthemes.com/assets/libs/summernote/font/assets/libs/flatpickr/flatpickr.min-2.html]
[shreyu.coderthemes.com/assets/libs/summernote/font/assets/js/pages/dashboard.init.html]
[shreyu.coderthemes.com/assets/libs/summernote/font/assets/js/app.min.html]
[shreyu.coderthemes.com/xl/worksheets/assets/images/favicon.html]
[shreyu.coderthemes.com/xl/worksheets/assets/libs/flatpickr/flatpickr.min.html]
[shreyu.coderthemes.com/xl/worksheets/assets/css/bootstrap.min.html]
[shreyu.coderthemes.com/xl/worksheets/assets/css/icons.min.html]
[shreyu.coderthemes.com/xl/worksheets/assets/css/app.min.html]
[shreyu.coderthemes.com/xl/worksheets/index.html]
[shreyu.coderthemes.com/xl/worksheets/assets/images/logo.html]
[shreyu.coderthemes.com/xl/worksheets/assets/images/flags/germany.html]
[shreyu.coderthemes.com/xl/worksheets/assets/images/flags/italy.html]
[shreyu.coderthemes.com/xl/worksheets/assets/images/flags/spain.html]
[shreyu.coderthemes.com/xl/worksheets/assets/images/flags/russia.html]
[shreyu.coderthemes.com/xl/worksheets/assets/images/users/avatar-1.html]
[shreyu.coderthemes.com/xl/worksheets/assets/images/users/avatar-2.html]
[shreyu.coderthemes.com/xl/worksheets/assets/images/users/avatar-7.html]
[shreyu.coderthemes.com/xl/worksheets/pages-profile.html]
[shreyu.coderthemes.com/xl/worksheets/pages-lock-screen.html]
[shreyu.coderthemes.com/xl/worksheets/apps-calendar.html]
[shreyu.coderthemes.com/xl/worksheets/email-inbox.html]
[shreyu.coderthemes.com/xl/worksheets/email-read.html]
[shreyu.coderthemes.com/xl/worksheets/email-compose.html]
[shreyu.coderthemes.com/xl/worksheets/project-list.html]
[shreyu.coderthemes.com/xl/worksheets/project-detail.html]
[shreyu.coderthemes.com/xl/worksheets/task-list.html]
[shreyu.coderthemes.com/xl/worksheets/task-board.html]
[shreyu.coderthemes.com/xl/worksheets/pages-starter.html]
[shreyu.coderthemes.com/xl/worksheets/pages-activity.html]
[shreyu.coderthemes.com/xl/worksheets/pages-invoice.html]
[shreyu.coderthemes.com/xl/worksheets/pages-pricing.html]
[shreyu.coderthemes.com/xl/worksheets/pages-maintenance.html]
[shreyu.coderthemes.com/xl/worksheets/pages-login.html]
[shreyu.coderthemes.com/xl/worksheets/pages-register.html]
[shreyu.coderthemes.com/xl/worksheets/pages-recoverpw.html]
[shreyu.coderthemes.com/xl/worksheets/pages-confirm-mail.html]
[shreyu.coderthemes.com/xl/worksheets/pages-404.html]
[shreyu.coderthemes.com/xl/worksheets/pages-500.html]
[shreyu.coderthemes.com/xl/worksheets/layouts-horizontal.html]
[shreyu.coderthemes.com/xl/worksheets/layouts-rtl.html]
[shreyu.coderthemes.com/xl/worksheets/layouts-dark.html]
[shreyu.coderthemes.com/xl/worksheets/layouts-scrollable.html]
[shreyu.coderthemes.com/xl/worksheets/layouts-boxed.html]
[shreyu.coderthemes.com/xl/worksheets/layouts-preloader.html]
[shreyu.coderthemes.com/xl/worksheets/layouts-dark-sidebar.html]
[shreyu.coderthemes.com/xl/worksheets/layouts-condensed.html]
[shreyu.coderthemes.com/xl/worksheets/components-bootstrap.html]
[shreyu.coderthemes.com/xl/worksheets/icons-feather.html]
[shreyu.coderthemes.com/xl/worksheets/icons-unicons.html]
[shreyu.coderthemes.com/xl/worksheets/widgets.html]
[shreyu.coderthemes.com/xl/worksheets/forms-basic.html]
[shreyu.coderthemes.com/xl/worksheets/forms-advanced.html]
[shreyu.coderthemes.com/xl/worksheets/forms-validation.html]
[shreyu.coderthemes.com/xl/worksheets/forms-wizard.html]
[shreyu.coderthemes.com/xl/worksheets/forms-editor.html]
[shreyu.coderthemes.com/xl/worksheets/forms-file-uploads.html]
[shreyu.coderthemes.com/xl/worksheets/charts-apex.html]
[shreyu.coderthemes.com/xl/worksheets/tables-basic.html]
[shreyu.coderthemes.com/xl/worksheets/tables-datatables.html]
[shreyu.coderthemes.com/xl/worksheets/assets/images/users/avatar-9.html]
[shreyu.coderthemes.com/xl/worksheets/assets/images/users/avatar-4.html]
[shreyu.coderthemes.com/xl/worksheets/assets/images/users/avatar-5.html]
[shreyu.coderthemes.com/xl/worksheets/assets/images/layouts/vertical.html]
[shreyu.coderthemes.com/xl/worksheets/assets/images/layouts/horizontal.html]
[shreyu.coderthemes.com/xl/worksheets/assets/images/layouts/vertical-dark-sidebar.html]
[shreyu.coderthemes.com/xl/worksheets/assets/images/layouts/vertical-condensed.html]
[shreyu.coderthemes.com/xl/worksheets/assets/images/layouts/boxed.html]
[shreyu.coderthemes.com/xl/worksheets/assets/js/vendor.min.html]
[shreyu.coderthemes.com/xl/worksheets/assets/libs/moment/moment.min.html]
[shreyu.coderthemes.com/xl/worksheets/assets/libs/apexcharts/apexcharts.min.html]
[shreyu.coderthemes.com/xl/worksheets/assets/libs/flatpickr/flatpickr.min-2.html]
[shreyu.coderthemes.com/xl/worksheets/assets/js/pages/dashboard.init.html]
[shreyu.coderthemes.com/xl/worksheets/assets/js/app.min.html]
[shreyu.coderthemes.com/xl/assets/images/favicon.html]
[shreyu.coderthemes.com/xl/assets/libs/flatpickr/flatpickr.min.html]
[shreyu.coderthemes.com/xl/assets/css/bootstrap.min.html]
[shreyu.coderthemes.com/xl/assets/css/icons.min.html]
[shreyu.coderthemes.com/xl/assets/css/app.min.html]
[shreyu.coderthemes.com/xl/index.html]
[shreyu.coderthemes.com/xl/assets/images/logo.html]
[shreyu.coderthemes.com/xl/assets/images/flags/germany.html]
[shreyu.coderthemes.com/xl/assets/images/flags/italy.html]
[shreyu.coderthemes.com/xl/assets/images/flags/spain.html]
[shreyu.coderthemes.com/xl/assets/images/flags/russia.html]
[shreyu.coderthemes.com/xl/assets/images/users/avatar-1.html]
[shreyu.coderthemes.com/xl/assets/images/users/avatar-2.html]
[shreyu.coderthemes.com/xl/assets/images/users/avatar-7.html]
[shreyu.coderthemes.com/xl/pages-profile.html]
[shreyu.coderthemes.com/xl/pages-lock-screen.html]
[shreyu.coderthemes.com/xl/apps-calendar.html]
[shreyu.coderthemes.com/xl/email-inbox.html]
[shreyu.coderthemes.com/xl/email-read.html]
[shreyu.coderthemes.com/xl/email-compose.html]
[shreyu.coderthemes.com/xl/project-list.html]
[shreyu.coderthemes.com/xl/project-detail.html]
[shreyu.coderthemes.com/xl/task-list.html]
[shreyu.coderthemes.com/xl/task-board.html]
[shreyu.coderthemes.com/xl/pages-starter.html]
[shreyu.coderthemes.com/xl/pages-activity.html]
[shreyu.coderthemes.com/xl/pages-invoice.html]
[shreyu.coderthemes.com/xl/pages-pricing.html]
[shreyu.coderthemes.com/xl/pages-maintenance.html]
[shreyu.coderthemes.com/xl/pages-login.html]
[shreyu.coderthemes.com/xl/pages-register.html]
[shreyu.coderthemes.com/xl/pages-recoverpw.html]
[shreyu.coderthemes.com/xl/pages-confirm-mail.html]
[shreyu.coderthemes.com/xl/pages-404.html]
[shreyu.coderthemes.com/xl/pages-500.html]
[shreyu.coderthemes.com/xl/layouts-horizontal.html]
[shreyu.coderthemes.com/xl/layouts-rtl.html]
[shreyu.coderthemes.com/xl/layouts-dark.html]
[shreyu.coderthemes.com/xl/layouts-scrollable.html]
[shreyu.coderthemes.com/xl/layouts-boxed.html]
[shreyu.coderthemes.com/xl/layouts-preloader.html]
[shreyu.coderthemes.com/xl/layouts-dark-sidebar.html]
[shreyu.coderthemes.com/xl/layouts-condensed.html]
[shreyu.coderthemes.com/xl/components-bootstrap.html]
[shreyu.coderthemes.com/xl/icons-feather.html]
[shreyu.coderthemes.com/xl/icons-unicons.html]
[shreyu.coderthemes.com/xl/widgets.html]
[shreyu.coderthemes.com/xl/forms-basic.html]
[shreyu.coderthemes.com/xl/forms-advanced.html]
[shreyu.coderthemes.com/xl/forms-validation.html]
[shreyu.coderthemes.com/xl/forms-wizard.html]
[shreyu.coderthemes.com/xl/forms-editor.html]
[shreyu.coderthemes.com/xl/forms-file-uploads.html]
[shreyu.coderthemes.com/xl/charts-apex.html]
[shreyu.coderthemes.com/xl/tables-basic.html]
[shreyu.coderthemes.com/xl/tables-datatables.html]
[shreyu.coderthemes.com/xl/assets/images/users/avatar-9.html]
[shreyu.coderthemes.com/xl/assets/images/users/avatar-4.html]
[shreyu.coderthemes.com/xl/assets/images/users/avatar-5.html]
[shreyu.coderthemes.com/xl/assets/images/layouts/vertical.html]
[shreyu.coderthemes.com/xl/assets/images/layouts/horizontal.html]
[shreyu.coderthemes.com/xl/assets/images/layouts/vertical-dark-sidebar.html]
[shreyu.coderthemes.com/xl/assets/images/layouts/vertical-condensed.html]
[shreyu.coderthemes.com/xl/assets/images/layouts/boxed.html]
[shreyu.coderthemes.com/xl/assets/js/vendor.min.html]
[shreyu.coderthemes.com/xl/assets/libs/moment/moment.min.html]
[shreyu.coderthemes.com/xl/assets/libs/apexcharts/apexcharts.min.html]
[shreyu.coderthemes.com/xl/assets/libs/flatpickr/flatpickr.min-2.html]
[shreyu.coderthemes.com/xl/assets/js/pages/dashboard.init.html]
[shreyu.coderthemes.com/xl/assets/js/app.min.html]
